---
source: src/snapshot_middleware/dir.rs
expression: instance_snapshot
---
snapshot_id: ~
metadata:
  ignore_unknown_instances: false
  instigating_source:
    Path: /foo
  relevant_paths:
    - /foo
    - /foo/init.meta.json
    - /foo/init.lua
    - /foo/init.server.lua
    - /foo/init.client.lua
  context: {}
name: foo
class_name: Folder
properties: {}
children: []
