---
source: src/snapshot_middleware/dir.rs
expression: instance_snapshot
---
snapshot_id: ~
metadata:
  ignore_unknown_instances: false
  instigating_source:
    Path: /foo
  relevant_paths:
    - /foo
    - /foo/init.meta.json
    - /foo/init.lua
    - /foo/init.server.lua
    - /foo/init.client.lua
  context: {}
name: foo
class_name: Folder
properties: {}
children:
  - snapshot_id: ~
    metadata:
      ignore_unknown_instances: false
      instigating_source:
        Path: /foo/Child
      relevant_paths:
        - /foo/Child
        - /foo/Child/init.meta.json
        - /foo/Child/init.lua
        - /foo/Child/init.server.lua
        - /foo/Child/init.client.lua
      context: {}
    name: Child
    class_name: Folder
    properties: {}
    children: []
